<html>
<body>
<pre>
<h1>µVision Build Log</h1>
<h2>Tool Versions:</h2>
IDE-Version: µVision V5.26.2.0
Copyright (C) 2018 ARM Ltd and ARM Germany GmbH. All rights reserved.
License Information: Finn Nguyen, abc, LIC=----
 
Tool Versions:
Toolchain:       MDK-Lite  Version: 5.26.2.0
Toolchain Path:  C:\Keil_v5\ARM\ARMCC\Bin
C Compiler:      Armcc.exe V5.06 update 6 (build 750)
Assembler:       Armasm.exe V5.06 update 6 (build 750)
Linker/Locator:  ArmLink.exe V5.06 update 6 (build 750)
Library Manager: ArmAr.exe V5.06 update 6 (build 750)
Hex Converter:   FromElf.exe V5.06 update 6 (build 750)
CPU DLL:         SARMCM3.DLL V5.26.2.0
Dialog DLL:      DARMCM1.DLL V1.19.1.0
Target DLL:      PEMicro\Pemicro_ArmCortexInterface.dll V1.11
Dialog DLL:      TARMCM1.DLL V1.14.0.0
 
<h2>Project:</h2>
D:\Dev\embedded_demos\CountStep\CountStep.uvprojx
Project File Date:  03/22/2024

<h2>Output:</h2>
*** Using Compiler 'V5.06 update 6 (build 750)', folder: 'C:\Keil_v5\ARM\ARMCC\Bin'
Rebuild target 'Target 1'
assembling startup_MKL46Z4.s...
compiling mma8451.c...
I2C.h(15): warning:  #1-D: last line of file ends without a newline
  #endif /* INCLUDES_I2C_H_ */
mma8451.h(32): warning:  #1-D: last line of file ends without a newline
  #endif
mma8451.c(70): warning:  #1-D: last line of file ends without a newline
  }
mma8451.c: 3 warnings, 0 errors
compiling main.c...
Seg_LCD.h(59): warning:  #1-D: last line of file ends without a newline
  #endif
I2C.h(15): warning:  #1-D: last line of file ends without a newline
  #endif /* INCLUDES_I2C_H_ */
mma8451.h(32): warning:  #1-D: last line of file ends without a newline
  #endif
main.c(21): warning:  #1295-D: Deprecated declaration initGreenLed - give arg types
  void initGreenLed();
main.c(23): warning:  #1295-D: Deprecated declaration initRedLed - give arg types
  void initRedLed();
main.c(25): warning:  #1295-D: Deprecated declaration initSwitch1 - give arg types
  void initSwitch1();
main.c(27): warning:  #1295-D: Deprecated declaration initSwitch3 - give arg types
  void initSwitch3();
main.c(89): warning:  #1295-D: Deprecated declaration read_acc - give arg types
  int read_acc();
main.c(170): warning:  #111-D: statement is unreachable
  	return 1;
main.c(274): warning:  #188-D: enumerated type mixed with another type
  	NVIC_ClearPendingIRQ(31);
main.c(275): warning:  #188-D: enumerated type mixed with another type
  	NVIC_EnableIRQ(31);
main.c(283): warning:  #188-D: enumerated type mixed with another type
  	NVIC_ClearPendingIRQ(30);
main.c(284): warning:  #188-D: enumerated type mixed with another type
  	NVIC_EnableIRQ(30);
main.c(285): warning:  #1-D: last line of file ends without a newline
  }
main.c: 14 warnings, 0 errors
compiling Seg_LCD.c...
Seg_LCD.h(59): warning:  #1-D: last line of file ends without a newline
  #endif
Seg_LCD.c(241): warning:  #177-D: variable "k"  was declared but never referenced
  	int k;
Seg_LCD.c(324): warning:  #1-D: last line of file ends without a newline
  /******************************************************************/
Seg_LCD.c(11): warning:  #177-D: variable "LCD_Backplane_Pin"  was declared but never referenced
  const static uint8_t LCD_Backplane_Pin[LCD_NUM_BACKPLANE_PINS] = {LCD_BACKPLANE0, LCD_BACKPLANE1, LCD_BACKPLANE2, LCD_BACKPLANE3};
Seg_LCD.c: 4 warnings, 0 errors
compiling I2C.c...
I2C.h(15): warning:  #1-D: last line of file ends without a newline
  #endif /* INCLUDES_I2C_H_ */
I2C.c(28): warning:  #1-D: last line of file ends without a newline
  }
I2C.c: 2 warnings, 0 errors
compiling system_MKL46Z4.c...
linking...
.\Objects\CountStep.axf: Warning: L6914W: option ro-base ignored when using --scatter.
.\Objects\CountStep.axf: Warning: L6914W: option rw-base ignored when using --scatter.
.\Objects\CountStep.axf: Warning: L6340W: options first and last are ignored for link type of scattered
Program Size: Code=10260 RO-data=524 RW-data=36 ZI-data=2144  
Finished: 0 information, 3 warning and 0 error messages.
".\Objects\CountStep.axf" - 0 Error(s), 26 Warning(s).

<h2>Software Packages used:</h2>

Package Vendor: ARM
                http://www.keil.com/pack/ARM.CMSIS.5.4.0.pack
                ARM.CMSIS.5.4.0
                CMSIS (Cortex Microcontroller Software Interface Standard)
   * Component: CORE Version: 5.1.2

Package Vendor: NXP
                http://mcuxpresso.nxp.com/cmsis_pack/repo/NXP.MKL46Z4_DFP.10.0.3.pack
                NXP.MKL46Z4_DFP.10.0.3
                Device Family Pack for MKL46Z4
   * Component: Startup Version: 1.0.0

<h2>Collection of Component include folders:</h2>
  .\RTE\Device\MKL46Z256VLL4
  .\RTE\_Target_1
  C:\Keil_v5\ARM\PACK\ARM\CMSIS\5.4.0\CMSIS\Core\Include

<h2>Collection of Component Files used:</h2>

   * Component: ARM::CMSIS:CORE:5.1.2

   * Component: NXP::Device:Startup:1.0.0
      Source file:   arm\startup_MKL46Z4.s
      Include file:  MKL46Z4.h
      Include file:  fsl_device_registers.h
      Include file:  MKL46Z4_features.h
      Include file:  system_MKL46Z4.h
      Source file:   system_MKL46Z4.c
Build Time Elapsed:  00:00:01
</pre>
</body>
</html>
